// Jest Snapshot v1, https://goo.gl/fbAQLP

exports[`MenuModal renders correctly 1`] = `
<div>
  <div
    class="absolute bg-stone-800 text-white w-fit h-fit p-8 z-10 rounded-xl text-center flex flex-col gap-4"
  >
    <h1
      class="text-4xl"
    >
      Whack a Mole
    </h1>
    <p
      class="text-2xl"
    >
      Your score is 
      0
    </p>
    <form
      class="flex flex-col gap-4"
    >
      <input
        class="bg-stone-600 p-2 rounded-xl"
        placeholder="Enter your name"
        type="text"
      />
      <input
        class="bg-stone-600 p-2 rounded-xl cursor-pointer"
        type="submit"
        value="Submit"
      />
    </form>
  </div>
</div>
`;
